[2026-05-18 14:51:09] [INFO] 程序启动
[2026-05-18 14:51:12] [INFO] 开始选择Excel文件
[2026-05-18 14:51:17] [INFO] 文件选择成功: C:/Users/Administrator/Desktop/Count.xls
[2026-05-18 14:51:17] [INFO] 文件是否存在: True
[2026-05-18 14:51:17] [INFO] 文件大小: 138752 字节
[2026-05-18 14:51:17] [INFO] 文件扩展名: .xls
[2026-05-18 14:51:25] [INFO] 开始分析数据
[2026-05-18 14:51:25] [INFO] 当前文件路径: C:/Users/Administrator/Desktop/Count.xls
[2026-05-18 14:51:25] [INFO] 开始读取Excel文件...
[2026-05-18 14:51:25] [ERROR] Excel读取失败: `Import xlrd` failed. Install xlrd >= 2.0.1 for xls Excel support Use pip or conda to install the xlrd package.
[2026-05-18 14:51:25] [ERROR] 完整错误信息:
Traceback (most recent call last):
  File "D:\0_TG\code2026\Score_average\Score_average\vv\Lib\site-packages\pandas\compat\_optional.py", line 158, in import_optional_dependency
    module = importlib.import_module(name)
             ^^^^^^^^^^^^^^^^^^^^^^^^^^^^^
  File "D:\0_TG\code2026\Score_average\Score_average\vv\Lib\importlib\__init__.py", line 126, in import_module
    return _bootstrap._gcd_import(name[level:], package, level)
           ^^^^^^^^^^^^^^^^^^^^^^^^^^^^^^^^^^^^^^^^^^^^^^^^^^^^
  File "<frozen importlib._bootstrap>", line 1204, in _gcd_import
  File "<frozen importlib._bootstrap>", line 1176, in _find_and_load
  File "<frozen importlib._bootstrap>", line 1140, in _find_and_load_unlocked
ModuleNotFoundError: No module named 'xlrd'

The above exception was the direct cause of the following exception:

Traceback (most recent call last):
  File "d:\0_TG\code2026\Score_average\Score_average\main.py", line 132, in analyze_data
    self.df = pd.read_excel(self.file_path)
              ^^^^^^^^^^^^^^^^^^^^^^^^^^^^^
  File "D:\0_TG\code2026\Score_average\Score_average\vv\Lib\site-packages\pandas\io\excel\_base.py", line 481, in read_excel
    io = ExcelFile(
         ^^^^^^^^^^
  File "D:\0_TG\code2026\Score_average\Score_average\vv\Lib\site-packages\pandas\io\excel\_base.py", line 1621, in __init__
    self._reader = self._engines[engine](
                   ^^^^^^^^^^^^^^^^^^^^^^
  File "D:\0_TG\code2026\Score_average\Score_average\vv\Lib\site-packages\pandas\io\excel\_xlrd.py", line 50, in __init__
    import_optional_dependency("xlrd", extra=err_msg)
  File "D:\0_TG\code2026\Score_average\Score_average\vv\Lib\site-packages\pandas\compat\_optional.py", line 161, in import_optional_dependency
    raise ImportError(msg) from err
ImportError: `Import xlrd` failed. Install xlrd >= 2.0.1 for xls Excel support Use pip or conda to install the xlrd package.

[2026-05-18 14:51:25] [ERROR] 分析数据时发生错误: `Import xlrd` failed. Install xlrd >= 2.0.1 for xls Excel support Use pip or conda to install the xlrd package.
[2026-05-18 14:51:25] [ERROR] 完整错误堆栈:
Traceback (most recent call last):
  File "D:\0_TG\code2026\Score_average\Score_average\vv\Lib\site-packages\pandas\compat\_optional.py", line 158, in import_optional_dependency
    module = importlib.import_module(name)
             ^^^^^^^^^^^^^^^^^^^^^^^^^^^^^
  File "D:\0_TG\code2026\Score_average\Score_average\vv\Lib\importlib\__init__.py", line 126, in import_module
    return _bootstrap._gcd_import(name[level:], package, level)
           ^^^^^^^^^^^^^^^^^^^^^^^^^^^^^^^^^^^^^^^^^^^^^^^^^^^^
  File "<frozen importlib._bootstrap>", line 1204, in _gcd_import
  File "<frozen importlib._bootstrap>", line 1176, in _find_and_load
  File "<frozen importlib._bootstrap>", line 1140, in _find_and_load_unlocked
ModuleNotFoundError: No module named 'xlrd'

The above exception was the direct cause of the following exception:

Traceback (most recent call last):
  File "d:\0_TG\code2026\Score_average\Score_average\main.py", line 132, in analyze_data
    self.df = pd.read_excel(self.file_path)
              ^^^^^^^^^^^^^^^^^^^^^^^^^^^^^
  File "D:\0_TG\code2026\Score_average\Score_average\vv\Lib\site-packages\pandas\io\excel\_base.py", line 481, in read_excel
    io = ExcelFile(
         ^^^^^^^^^^
  File "D:\0_TG\code2026\Score_average\Score_average\vv\Lib\site-packages\pandas\io\excel\_base.py", line 1621, in __init__
    self._reader = self._engines[engine](
                   ^^^^^^^^^^^^^^^^^^^^^^
  File "D:\0_TG\code2026\Score_average\Score_average\vv\Lib\site-packages\pandas\io\excel\_xlrd.py", line 50, in __init__
    import_optional_dependency("xlrd", extra=err_msg)
  File "D:\0_TG\code2026\Score_average\Score_average\vv\Lib\site-packages\pandas\compat\_optional.py", line 161, in import_optional_dependency
    raise ImportError(msg) from err
ImportError: `Import xlrd` failed. Install xlrd >= 2.0.1 for xls Excel support Use pip or conda to install the xlrd package.

[2026-05-18 15:02:05] [INFO] 程序启动
[2026-05-18 15:07:59] [INFO] 程序启动
[2026-05-18 15:08:08] [INFO] 开始选择Excel文件
[2026-05-18 15:08:10] [INFO] 文件选择成功: C:/Users/Administrator/Desktop/Count.xls
[2026-05-18 15:08:10] [INFO] 文件是否存在: True
[2026-05-18 15:08:10] [INFO] 文件大小: 138752 字节
[2026-05-18 15:08:10] [INFO] 文件扩展名: .xls
[2026-05-18 15:08:11] [INFO] 开始分析数据
[2026-05-18 15:08:11] [INFO] 当前文件路径: C:/Users/Administrator/Desktop/Count.xls
[2026-05-18 15:08:11] [INFO] 开始读取Excel文件...
[2026-05-18 15:08:11] [INFO] Excel文件读取成功
[2026-05-18 15:08:11] [INFO] 数据行数: 68
[2026-05-18 15:08:11] [INFO] 数据列数: 4
[2026-05-18 15:08:11] [INFO] 列名: ['题号', '题型', '难度', '总分']
[2026-05-18 15:08:11] [INFO] 数值列（用于计算）: ['总分']
[2026-05-18 15:08:11] [INFO] 原始数据已显示到表格
[2026-05-18 15:08:12] [INFO] 开始计算统计数据...
[2026-05-18 15:08:12] [INFO] 统计数据计算完成
[2026-05-18 15:08:12] [INFO] 数据分析完成
[2026-05-18 15:12:41] [INFO] 程序启动
[2026-05-18 15:12:43] [INFO] 开始选择Excel文件
[2026-05-18 15:12:45] [INFO] 文件选择成功: C:/Users/Administrator/Desktop/Count.xls
[2026-05-18 15:12:45] [INFO] 文件是否存在: True
[2026-05-18 15:12:45] [INFO] 文件大小: 138752 字节
[2026-05-18 15:12:45] [INFO] 文件扩展名: .xls
[2026-05-18 15:12:45] [INFO] 工作表列表: ['试卷方案', '小题分数', '统计分析', '报表一', '报表二', '报表三', '考生信息', '试题分数', '题型分数']
[2026-05-18 15:12:46] [INFO] 开始分析数据
[2026-05-18 15:12:46] [INFO] 当前文件路径: C:/Users/Administrator/Desktop/Count.xls
[2026-05-18 15:12:46] [INFO] 开始读取Excel文件，工作表: 题型分数
[2026-05-18 15:12:46] [INFO] 工作表 '题型分数' 读取成功
[2026-05-18 15:12:46] [INFO] 数据行数: 36
[2026-05-18 15:12:46] [INFO] 数据列数: 13
[2026-05-18 15:12:46] [INFO] 列名: ['考号', '姓名', '学号', '成绩', '单选', 'Windows', '网络', 'WPS文字', 'WPS表格', 'WPS演示', 'Photoshop', '程序设计', 'MySQL']
[2026-05-18 15:12:46] [INFO] 数值列（用于计算）: ['学号', '成绩', '单选', 'Windows', '网络', 'WPS文字', 'WPS表格', 'WPS演示', 'Photoshop', '程序设计', 'MySQL']
[2026-05-18 15:12:46] [INFO] 原始数据已显示到表格
[2026-05-18 15:12:46] [INFO] 开始计算统计数据...
[2026-05-18 15:12:46] [INFO] 统计数据计算完成
[2026-05-18 15:12:46] [INFO] 数据分析完成
[2026-05-18 15:16:04] [INFO] 程序启动
[2026-05-18 15:16:06] [INFO] 开始选择Excel文件
[2026-05-18 15:16:08] [INFO] 文件选择成功: C:/Users/Administrator/Desktop/Count.xls
[2026-05-18 15:16:08] [INFO] 文件是否存在: True
[2026-05-18 15:16:08] [INFO] 文件大小: 138752 字节
[2026-05-18 15:16:08] [INFO] 文件扩展名: .xls
[2026-05-18 15:16:08] [INFO] 工作表列表: ['试卷方案', '小题分数', '统计分析', '报表一', '报表二', '报表三', '考生信息', '试题分数', '题型分数']
[2026-05-18 15:16:08] [INFO] 开始分析数据
[2026-05-18 15:16:08] [INFO] 当前文件路径: C:/Users/Administrator/Desktop/Count.xls
[2026-05-18 15:16:08] [INFO] 开始读取Excel文件，工作表: 题型分数
[2026-05-18 15:16:08] [INFO] 工作表 '题型分数' 读取成功
[2026-05-18 15:16:08] [INFO] 数据行数: 36
[2026-05-18 15:16:08] [INFO] 数据列数: 13
[2026-05-18 15:16:08] [INFO] 列名: ['考号', '姓名', '学号', '成绩', '单选', 'Windows', '网络', 'WPS文字', 'WPS表格', 'WPS演示', 'Photoshop', '程序设计', 'MySQL']
[2026-05-18 15:16:08] [INFO] 数值列（用于计算）: ['学号', '成绩', '单选', 'Windows', '网络', 'WPS文字', 'WPS表格', 'WPS演示', 'Photoshop', '程序设计', 'MySQL']
[2026-05-18 15:16:08] [INFO] 原始数据已显示到表格
[2026-05-18 15:16:08] [INFO] 开始计算统计数据...
[2026-05-18 15:16:08] [INFO] 统计数据计算完成
[2026-05-18 15:16:08] [INFO] 数据分析完成
[2026-05-18 15:17:14] [INFO] 程序启动
[2026-05-18 15:17:15] [INFO] 开始选择Excel文件
[2026-05-18 15:17:17] [INFO] 文件选择成功: C:/Users/Administrator/Desktop/Count.xls
[2026-05-18 15:17:17] [INFO] 文件是否存在: True
[2026-05-18 15:17:17] [INFO] 文件大小: 138752 字节
[2026-05-18 15:17:17] [INFO] 文件扩展名: .xls
[2026-05-18 15:17:17] [INFO] 工作表列表: ['试卷方案', '小题分数', '统计分析', '报表一', '报表二', '报表三', '考生信息', '试题分数', '题型分数']
[2026-05-18 15:17:18] [INFO] 开始分析数据
[2026-05-18 15:17:18] [INFO] 当前文件路径: C:/Users/Administrator/Desktop/Count.xls
[2026-05-18 15:17:18] [INFO] 开始读取Excel文件，工作表: 题型分数
[2026-05-18 15:17:18] [INFO] 工作表 '题型分数' 读取成功
[2026-05-18 15:17:18] [INFO] 数据行数: 36
[2026-05-18 15:17:18] [INFO] 数据列数: 13
[2026-05-18 15:17:18] [INFO] 列名: ['考号', '姓名', '学号', '成绩', '单选', 'Windows', '网络', 'WPS文字', 'WPS表格', 'WPS演示', 'Photoshop', '程序设计', 'MySQL']
[2026-05-18 15:17:18] [INFO] 数值列（用于计算）: ['学号', '成绩', '单选', 'Windows', '网络', 'WPS文字', 'WPS表格', 'WPS演示', 'Photoshop', '程序设计', 'MySQL']
[2026-05-18 15:17:18] [INFO] 原始数据已显示到表格
[2026-05-18 15:17:18] [INFO] 开始计算统计数据...
[2026-05-18 15:17:18] [INFO] 统计数据计算完成
[2026-05-18 15:17:18] [INFO] 数据分析完成
[2026-05-18 15:29:46] [INFO] 程序启动
[2026-05-18 15:29:48] [INFO] 开始选择Excel文件
[2026-05-18 15:29:50] [INFO] 文件选择成功: C:/Users/Administrator/Desktop/Count.xls
[2026-05-18 15:29:50] [INFO] 文件是否存在: True
[2026-05-18 15:29:50] [INFO] 文件大小: 138752 字节
[2026-05-18 15:29:50] [INFO] 文件扩展名: .xls
[2026-05-18 15:29:50] [INFO] 工作表列表: ['试卷方案', '小题分数', '统计分析', '报表一', '报表二', '报表三', '考生信息', '试题分数', '题型分数']
[2026-05-18 15:29:51] [INFO] 开始分析数据
[2026-05-18 15:29:51] [INFO] 当前文件路径: C:/Users/Administrator/Desktop/Count.xls
[2026-05-18 15:29:51] [INFO] 开始读取Excel文件，工作表: 题型分数
[2026-05-18 15:29:51] [INFO] 工作表 '题型分数' 读取成功
[2026-05-18 15:29:51] [INFO] 数据行数: 36
[2026-05-18 15:29:51] [INFO] 数据列数: 13
[2026-05-18 15:29:51] [INFO] 列名: ['考号', '姓名', '学号', '成绩', '单选', 'Windows', '网络', 'WPS文字', 'WPS表格', 'WPS演示', 'Photoshop', '程序设计', 'MySQL']
[2026-05-18 15:29:51] [INFO] 数值列（用于计算）: ['学号', '成绩', '单选', 'Windows', '网络', 'WPS文字', 'WPS表格', 'WPS演示', 'Photoshop', '程序设计', 'MySQL']
[2026-05-18 15:29:51] [INFO] 原始数据已显示到表格
[2026-05-18 15:29:51] [INFO] 开始计算统计数据...
[2026-05-18 15:29:51] [INFO] 统计数据计算完成
[2026-05-18 15:29:51] [INFO] 数据分析完成
[2026-05-18 15:34:29] [INFO] 程序启动
[2026-05-18 15:34:31] [INFO] 开始选择Excel文件
[2026-05-18 15:34:33] [INFO] 文件选择成功: C:/Users/Administrator/Desktop/Count.xls
[2026-05-18 15:34:33] [INFO] 文件是否存在: True
[2026-05-18 15:34:33] [INFO] 文件大小: 138752 字节
[2026-05-18 15:34:33] [INFO] 文件扩展名: .xls
[2026-05-18 15:34:33] [INFO] 工作表列表: ['试卷方案', '小题分数', '统计分析', '报表一', '报表二', '报表三', '考生信息', '试题分数', '题型分数']
[2026-05-18 15:48:17] [INFO] 程序启动
[2026-05-18 15:58:55] [INFO] 程序启动
[2026-05-18 15:58:59] [INFO] 开始选择Excel文件
[2026-05-18 15:59:02] [INFO] 文件选择成功: C:/Users/Administrator/Desktop/Count.xls
[2026-05-18 15:59:02] [INFO] 文件是否存在: True
[2026-05-18 15:59:02] [INFO] 文件大小: 138752 字节
[2026-05-18 15:59:02] [INFO] 文件扩展名: .xls
[2026-05-18 15:59:02] [INFO] 工作表列表: ['试卷方案', '小题分数', '统计分析', '报表一', '报表二', '报表三', '考生信息', '试题分数', '题型分数']
[2026-05-18 15:59:03] [INFO] 开始分析数据
[2026-05-18 15:59:03] [INFO] 当前文件路径: C:/Users/Administrator/Desktop/Count.xls
[2026-05-18 15:59:03] [INFO] 开始读取Excel文件，工作表: 题型分数
[2026-05-18 15:59:03] [INFO] 工作表 '题型分数' 读取成功
[2026-05-18 15:59:03] [INFO] 数据行数: 36
[2026-05-18 15:59:03] [INFO] 数据列数: 13
[2026-05-18 15:59:03] [INFO] 列名: ['考号', '姓名', '学号', '成绩', '单选', 'Windows', '网络', 'WPS文字', 'WPS表格', 'WPS演示', 'Photoshop', '程序设计', 'MySQL']
[2026-05-18 15:59:03] [INFO] 数值列（用于计算）: ['学号', '成绩', '单选', 'Windows', '网络', 'WPS文字', 'WPS表格', 'WPS演示', 'Photoshop', '程序设计', 'MySQL']
[2026-05-18 15:59:03] [INFO] 原始数据已显示到表格
[2026-05-18 15:59:03] [INFO] 开始计算统计数据...
[2026-05-18 15:59:03] [INFO] 统计数据计算完成
[2026-05-18 15:59:03] [INFO] 数据分析完成
[2026-05-18 15:59:25] [INFO] 切换到工作表: 试卷方案
[2026-05-18 15:59:26] [INFO] 开始分析数据
[2026-05-18 15:59:26] [INFO] 当前文件路径: C:/Users/Administrator/Desktop/Count.xls
[2026-05-18 15:59:26] [INFO] 开始读取Excel文件，工作表: 试卷方案
[2026-05-18 15:59:26] [INFO] 工作表 '试卷方案' 读取成功
[2026-05-18 15:59:26] [INFO] 数据行数: 68
[2026-05-18 15:59:26] [INFO] 数据列数: 4
[2026-05-18 15:59:26] [INFO] 列名: ['题号', '题型', '难度', '总分']
[2026-05-18 15:59:26] [INFO] 数值列（用于计算）: ['总分']
[2026-05-18 15:59:26] [INFO] 原始数据已显示到表格
[2026-05-18 15:59:26] [INFO] 开始计算统计数据...
[2026-05-18 15:59:26] [INFO] 统计数据计算完成
[2026-05-18 15:59:26] [INFO] 数据分析完成
[2026-05-18 15:59:30] [INFO] 切换到工作表: 小题分数
[2026-05-18 15:59:31] [INFO] 开始分析数据
[2026-05-18 15:59:31] [INFO] 当前文件路径: C:/Users/Administrator/Desktop/Count.xls
[2026-05-18 15:59:31] [INFO] 开始读取Excel文件，工作表: 小题分数
[2026-05-18 15:59:31] [INFO] 工作表 '小题分数' 读取成功
[2026-05-18 15:59:31] [INFO] 数据行数: 36
[2026-05-18 15:59:31] [INFO] 数据列数: 70
[2026-05-18 15:59:31] [INFO] 列名: ['考号', '第1题', '第2题', '第3题', '第4题', '第5题', '第6题', '第7题', '第8题', '第9题', '第10题', '第11题', '第12题', '第13题', '第14题', '第15题', '第16题', '第17题', '第18题', '第19题', '第20题', '第21题', '第22题', '第23题', '第24题', '第25题', '第26题', '第27题', '第28题', '第29题', '第30题', '第31题', '第32题', '第33题', '第34题', '第35题', '第36题', '第37题', '第38题', '第39题', '第40题', '第41题', '第42题', '第43题', '第44题', '第45题', '第46题', '第47题', '第48题', '第49题', '第50题', '第51题', '第52题', '第53题', '第54题', '第55题', '第56题', '第57题', '第58题', '第59题', '第60题', '第61题', '第62题', '第63题', '第64题', '第65题', '第66题', '第67题', '第68题', '总分']
[2026-05-18 15:59:31] [INFO] 数值列（用于计算）: ['第1题', '第2题', '第3题', '第4题', '第5题', '第6题', '第7题', '第8题', '第9题', '第10题', '第11题', '第12题', '第13题', '第14题', '第15题', '第16题', '第17题', '第18题', '第19题', '第20题', '第21题', '第22题', '第23题', '第24题', '第25题', '第26题', '第27题', '第28题', '第29题', '第30题', '第31题', '第32题', '第33题', '第34题', '第35题', '第36题', '第37题', '第38题', '第39题', '第40题', '第41题', '第42题', '第43题', '第44题', '第45题', '第46题', '第47题', '第48题', '第49题', '第50题', '第51题', '第52题', '第53题', '第54题', '第55题', '第56题', '第57题', '第58题', '第59题', '第60题', '第61题', '第62题', '第63题', '第64题', '第65题', '第66题', '第67题', '第68题', '总分']
[2026-05-18 15:59:31] [INFO] 原始数据已显示到表格
[2026-05-18 15:59:32] [INFO] 开始计算统计数据...
[2026-05-18 15:59:32] [INFO] 统计数据计算完成
[2026-05-18 15:59:32] [INFO] 数据分析完成
[2026-05-18 15:59:37] [INFO] 切换到工作表: 报表二
[2026-05-18 15:59:38] [INFO] 开始分析数据
[2026-05-18 15:59:38] [INFO] 当前文件路径: C:/Users/Administrator/Desktop/Count.xls
[2026-05-18 15:59:38] [INFO] 开始读取Excel文件，工作表: 报表二
[2026-05-18 15:59:38] [INFO] 工作表 '报表二' 读取成功
[2026-05-18 15:59:38] [INFO] 数据行数: 26
[2026-05-18 15:59:38] [INFO] 数据列数: 14
[2026-05-18 15:59:38] [INFO] 列名: ['Unnamed: 0', 'Unnamed: 1', 'Unnamed: 2', 'Unnamed: 3', 'Unnamed: 4', 'Unnamed: 5', '考试成绩统计分析', 'Unnamed: 7', 'Unnamed: 8', 'Unnamed: 9', 'Unnamed: 10', 'Unnamed: 11', 'Unnamed: 12', 'Unnamed: 13']
[2026-05-18 15:59:38] [INFO] 数值列（用于计算）: ['Unnamed: 0', 'Unnamed: 1', 'Unnamed: 3', 'Unnamed: 4', 'Unnamed: 5', '考试成绩统计分析', 'Unnamed: 7', 'Unnamed: 8', 'Unnamed: 9', 'Unnamed: 11', 'Unnamed: 12', 'Unnamed: 13']
[2026-05-18 15:59:38] [INFO] 原始数据已显示到表格
[2026-05-18 15:59:38] [INFO] 开始计算统计数据...
[2026-05-18 15:59:38] [INFO] 统计数据计算完成
[2026-05-18 15:59:38] [INFO] 数据分析完成
[2026-05-18 16:00:36] [INFO] 切换到工作表: 题型分数
[2026-05-18 16:00:37] [INFO] 开始分析数据
[2026-05-18 16:00:37] [INFO] 当前文件路径: C:/Users/Administrator/Desktop/Count.xls
[2026-05-18 16:00:37] [INFO] 开始读取Excel文件，工作表: 题型分数
[2026-05-18 16:00:37] [INFO] 工作表 '题型分数' 读取成功
[2026-05-18 16:00:37] [INFO] 数据行数: 36
[2026-05-18 16:00:37] [INFO] 数据列数: 13
[2026-05-18 16:00:37] [INFO] 列名: ['考号', '姓名', '学号', '成绩', '单选', 'Windows', '网络', 'WPS文字', 'WPS表格', 'WPS演示', 'Photoshop', '程序设计', 'MySQL']
[2026-05-18 16:00:37] [INFO] 数值列（用于计算）: ['学号', '成绩', '单选', 'Windows', '网络', 'WPS文字', 'WPS表格', 'WPS演示', 'Photoshop', '程序设计', 'MySQL']
[2026-05-18 16:00:37] [INFO] 原始数据已显示到表格
[2026-05-18 16:00:37] [INFO] 开始计算统计数据...
[2026-05-18 16:00:37] [INFO] 统计数据计算完成
[2026-05-18 16:00:37] [INFO] 数据分析完成
[2026-05-18 16:07:34] [INFO] 程序启动
[2026-05-18 16:08:56] [INFO] 程序启动
[2026-05-18 22:23:37] [INFO] 程序启动
[2026-05-18 22:25:50] [INFO] 程序启动
[2026-05-18 22:25:54] [INFO] 程序启动
[2026-05-18 22:27:04] [INFO] 程序启动
[2026-05-18 22:29:51] [INFO] 程序启动
[2026-05-18 22:39:49] [INFO] 程序启动
[2026-05-18 22:39:51] [INFO] 开始选择Excel文件
[2026-05-18 22:39:53] [INFO] 文件选择成功: C:/Users/Administrator/Desktop/Count.xls
[2026-05-18 22:39:53] [INFO] 文件是否存在: True
[2026-05-18 22:39:53] [INFO] 文件大小: 138752 字节
[2026-05-18 22:39:53] [INFO] 文件扩展名: .xls
[2026-05-18 22:39:53] [INFO] 工作表列表: ['试卷方案', '小题分数', '统计分析', '报表一', '报表二', '报表三', '考生信息', '试题分数', '题型分数']
[2026-05-18 22:39:56] [INFO] 开始分析数据
[2026-05-18 22:39:56] [INFO] 当前文件路径: C:/Users/Administrator/Desktop/Count.xls
[2026-05-18 22:39:56] [INFO] 开始读取Excel文件，工作表: 题型分数
[2026-05-18 22:39:56] [INFO] 工作表 '题型分数' 读取成功
[2026-05-18 22:39:56] [INFO] 数据行数: 36
[2026-05-18 22:39:56] [INFO] 数据列数: 13
[2026-05-18 22:39:56] [INFO] 列名: ['考号', '姓名', '学号', '成绩', '单选', 'Windows', '网络', 'WPS文字', 'WPS表格', 'WPS演示', 'Photoshop', '程序设计', 'MySQL']
[2026-05-18 22:39:56] [INFO] 数值列（用于计算）: ['学号', '成绩', '单选', 'Windows', '网络', 'WPS文字', 'WPS表格', 'WPS演示', 'Photoshop', '程序设计', 'MySQL']
[2026-05-18 22:39:56] [INFO] 原始数据已显示到表格
[2026-05-18 22:39:56] [INFO] 开始计算统计数据...
[2026-05-18 22:39:56] [INFO] 统计数据计算完成
[2026-05-18 22:39:56] [INFO] 数据分析完成
[2026-05-18 22:42:30] [INFO] 程序启动
[2026-05-18 22:42:31] [INFO] 开始选择Excel文件
[2026-05-18 22:42:33] [INFO] 文件选择成功: C:/Users/Administrator/Desktop/Count.xls
[2026-05-18 22:42:33] [INFO] 文件是否存在: True
[2026-05-18 22:42:33] [INFO] 文件大小: 138752 字节
[2026-05-18 22:42:33] [INFO] 文件扩展名: .xls
[2026-05-18 22:42:33] [INFO] 工作表列表: ['试卷方案', '小题分数', '统计分析', '报表一', '报表二', '报表三', '考生信息', '试题分数', '题型分数']
[2026-05-18 22:42:34] [INFO] 开始分析数据
[2026-05-18 22:42:34] [INFO] 当前文件路径: C:/Users/Administrator/Desktop/Count.xls
[2026-05-18 22:42:34] [INFO] 开始读取Excel文件，工作表: 题型分数
[2026-05-18 22:42:34] [INFO] 工作表 '题型分数' 读取成功
[2026-05-18 22:42:34] [INFO] 数据行数: 36
[2026-05-18 22:42:34] [INFO] 数据列数: 13
[2026-05-18 22:42:34] [INFO] 列名: ['考号', '姓名', '学号', '成绩', '单选', 'Windows', '网络', 'WPS文字', 'WPS表格', 'WPS演示', 'Photoshop', '程序设计', 'MySQL']
[2026-05-18 22:42:34] [INFO] 数值列（用于计算）: ['学号', '成绩', '单选', 'Windows', '网络', 'WPS文字', 'WPS表格', 'WPS演示', 'Photoshop', '程序设计', 'MySQL']
[2026-05-18 22:42:34] [INFO] 原始数据已显示到表格
[2026-05-18 22:42:34] [INFO] 开始计算统计数据...
[2026-05-18 22:42:34] [INFO] 统计数据计算完成
[2026-05-18 22:42:34] [INFO] 数据分析完成
[2026-05-18 22:43:17] [INFO] 程序启动
[2026-05-18 22:43:18] [INFO] 开始选择Excel文件
[2026-05-18 22:43:19] [INFO] 文件选择成功: C:/Users/Administrator/Desktop/Count.xls
[2026-05-18 22:43:19] [INFO] 文件是否存在: True
[2026-05-18 22:43:19] [INFO] 文件大小: 138752 字节
[2026-05-18 22:43:19] [INFO] 文件扩展名: .xls
[2026-05-18 22:43:19] [INFO] 工作表列表: ['试卷方案', '小题分数', '统计分析', '报表一', '报表二', '报表三', '考生信息', '试题分数', '题型分数']
[2026-05-18 22:43:20] [INFO] 开始分析数据
[2026-05-18 22:43:20] [INFO] 当前文件路径: C:/Users/Administrator/Desktop/Count.xls
[2026-05-18 22:43:20] [INFO] 开始读取Excel文件，工作表: 题型分数
[2026-05-18 22:43:20] [INFO] 工作表 '题型分数' 读取成功
[2026-05-18 22:43:20] [INFO] 数据行数: 36
[2026-05-18 22:43:20] [INFO] 数据列数: 13
[2026-05-18 22:43:20] [INFO] 列名: ['考号', '姓名', '学号', '成绩', '单选', 'Windows', '网络', 'WPS文字', 'WPS表格', 'WPS演示', 'Photoshop', '程序设计', 'MySQL']
[2026-05-18 22:43:20] [INFO] 数值列（用于计算）: ['学号', '成绩', '单选', 'Windows', '网络', 'WPS文字', 'WPS表格', 'WPS演示', 'Photoshop', '程序设计', 'MySQL']
[2026-05-18 22:43:20] [INFO] 原始数据已显示到表格
[2026-05-18 22:43:20] [INFO] 开始计算统计数据...
[2026-05-18 22:43:20] [INFO] 统计数据计算完成
[2026-05-18 22:43:20] [INFO] 数据分析完成
[2026-05-18 22:52:50] [INFO] 程序启动
